Aa, Ai, Aa, Ai, Aa, Ai, Aa, Ai, Aa, Ai, Aa, Ai, Aa, Ai, Aa, Ai, Gs^Ft, Gs, Hh, Gs, Gs^Ft, Gs, Gs, Gs, Gs^Ft, Gs, Gs, Gs, Gs^Ft, Gs, Hh, Gs, Gs^Ft, Gs, Gs, Gs, Gs^Ft, Gs, Gs, Gs, Gs^Ft, Gs, Hh, Gs, Gs^Ft, Gs, Gs, Gs, Gs^Ft, Gs, Gs, Gs, Gs^Ft, Wo, Wo, Wo, Wo, Wo, Wo, Wo
Ai, Aa, Ai, Aa, Ai, Aa, Ai, Aa, Ai, Aa, Ai, Aa, Ai, Aa, Ai, Wo, Gs, Hh, Gs, Gs^Ft, Gs, Gs, Gs, Gs^Ft, Gs, Gs, Gs, Gs^Ft, Gs, Hh, Gs, Gs^Ft, Gs, Gs, Gs, Gs^Ft, Gs, Gs, Gs, Gs^Ft, Gs, Hh, Gs, Gs^Ft, Gs, Gs, Gs, Gs^Ft, Gs, Gs, Gs, Gs^Ft, Gs, Wo, Wo, Wo, Wo, Wo, Wo, Wo
Aa, Ai, Aa, Ai, Aa, Ai, Aa, Ai, Aa, Ai, Aa, Ai, Aa, Ai, Wo, Wo, Hh, Gs, Gs^Ft, Gs, Gs, Gs, Mm^Vhh, Gs, Gs, Gs, Gs^Ft, Gs, Ce, Ce, Ce, Gs, Gs, Gs, Gs^Ft, Gs, Mm^Vhh, Gs, Gs^Ft, Gs, Hh, Gs, Gs^Ft, Gs, Gs, Gs, Gs^Ft, Gs, Gs, Gs, Gs^Ft, Gs, Hh, Wo, Wo, Wo, Wo, Wo, Wo, Wo
Ai, Aa, Ai, Aa, Ai, Aa, Ai, Aa, Ai, Aa, Ai, Aa, Ai, Wo, Wo, Wo, Gs, Gs^Ft, Gs, Gs, Gs, Gs^Ft, Gs, Gs, Gs, Gs^Ft, Gs, Hh, Ce, 1 Ke, Ce, Gs, Gs, Gs^Ft, Gs, Gs, Gs, Gs^Ft, Gs, Hh, Gs, Gs^Ft, Gs, Gs, Gs, Gs^Ft, Gs, Gs, Gs, Gs^Ft, Gs, Hh, Gs, Wo, Wo, Wo, Wo, Wo, Wo, Wo
Aa, Ai, Aa, Ai, Aa, Ai, Aa, Ai, Aa, Ai, Aa, Ai, Wo, Wo, Wo, Wo, Gs^Ft, Gs, Gs, Gs, Gs^Ft, Gs, Gs, Gs, Gs^Ft, Gs, Hh, Gs, Ce, Ce, Ce, Gs, Gs^Ft, Gs, Gs, Gs, Gs^Ft, Gs, Hh, Gs, Gs^Ft, Gs, Gs, Gs, Gs^Ft, Gs, Gs, Gs, Gs^Ft, Gs, Hh, Gs, Gs^Ft, Wo, Wo, Wo, Wo, Wo, Wo, Wo
Ai, Aa, Ai, Aa, Ai, Aa, Ai, Aa, Ai, Aa, Ai, Wo, Wo, Wo, Wo, Wo, Gs, Gs, Gs, Gs^Ft, Gs, Gs, Gs, Gs^Ft, Gs^Vht, Hh, Gs, Gs^Ft, Gs, Gs, Gs, Gs^Ft, Gs, Gs, Gs^Vht, Gs^Ft, Gs, Hh, Gs, Gs^Ft, Gs, Gs, Gs, Gs^Ft, Gs, Gs, Gs, Gs^Ft, Gs, Hh, Gs, Gs^Ft, Gs, Wo, Wo, Wo, Wo, Wo, Wo, Wo
Aa, Ai, Aa, Ai, Aa, Ai, Aa, Ai, Aa, Ai, Wo, Wo, Wo, Wo, Wo, Wo, Gs, Gs, Gs^Ft, Gs, Gs, Gs, Gs^Ft, Gs, Hh, Gs, Gs^Ft, Gs, Gs, Gs, Gs^Ft, Gs, Gs, Gs, Gs^Ft, Gs, Hh, Gs, Gs^Ft, Gs, Gs, Gs, Gs^Ft, Gs, Gs, Gs, Gs^Ft, Gs, Hh, Gs, Gs^Ft, Gs, Gs, Wo, Wo, Wo, Wo, Wo, Wo, Wo
Wo, Wo, Wo, Wo, Wo, Wo, Wo, Wo, Wo, Wo, Wo, Wo, Wo, Wo, Wo, Wo, Gs, Gs^Ft, Gs, Gs, Gs, Gs^Ft, Gs, Hh, Gs, Gs^Ft, Gs, Gs, Gs, Gs^Ft, Gs, Gs, Gs, Gs^Ft, Gs, Hh, Gs, Gs^Ft, Gs, Gs, Gs, Gs^Ft, Gs, Gs, Gs, Gs^Ft, Gs, Hh, Gs, Gs^Ft, Gs, Gs, Gs, Wo, Wo, Wo, Wo, Wo, Wo, Wo
Wo, Wo, Wo, Wo, Wo, Wo, Wo, Wo, Wo, Wo, Wo, Wo, Wo, Wo, Wo, Wo, Gs^Ft, Gs, Gs, Gs, Gs^Ft, Gs, Hh, Gs, Gs^Ft, Gs, Gs, Gs, Gs^Ft, Gs, Gs, Gs, Gs^Ft, Gs, Hh, Gs, Gs^Ft, Gs, Gs, Gs, Gs^Ft, Gs, Gs, Gs, Gs^Ft, Gs, Hh, Gs, Gs^Ft, Gs, Gs, Gs, Gs^Ft, Wo, Wo, Wo, Wo, Wo, Wo, Wo
Wo, Wo, Wo, Wo, Wo, Wo, Wo, Wo, Wo, Wo, Wo, Wo, Wo, Wo, Wo, Wo, Gs, Gs, Gs, Gs^Ft, Gs, Hh, Gs, Gs^Ft, Gs, Wwf^Vht, Gs, Gs^Ft, Gs, Gs, Gs, Gs^Ft, Gs, Hh, Gs, Gs^Ft, Gs, Gs, Gs, Gs^Ft, Gs, Gs, Gs, Gs^Ft, Gs, Hh, Gs, Gs^Ft, Gs, Gs, Gs, Gs^Ft, Gs, Wo, Wo, Wo, Wo, Wo, Wo, Wo
Wo, Wo, Wo, Wo, Wo, Wo, Wo, Wo, Wo, Wo, Wo, Wo, Wo, Wo, Wo, Wo, Gs, Gs, Gs^Ft, Gs, Hh, Gs, Gs^Ft, Gs, Gs, Ww, Gs^Ft, Gs, Gs, Gs, Gs^Ft, Gs, Hh, Gs, Gs^Ft, Gs, Gs, Gs, Gs^Ft, Gs, Gs, Gs, Gs^Ft, Gs, Hh, Gs, Gs^Ft, Gs, Gs, Gs, Gs^Ft, Ww, Ww, Ww, Ww, Ww, Ww, Ww, Ww, Ww
Wo, Wo, Wo, Wo, Wo, Wo, Wo, Wo, Wo, Wo, Wo, Wo, Wo, Wo, Wo, Wo, Ww, Ww, Ww, Ww, Ww, Ww, Ww, Ww, Ww, Ww, Ww, Ww, Ww, Rp, Ww, Ww, Ww, Ww, Ww, Ww, Ww, Ww, Ww, Ww, Ww, Ww, Ww, Ww, Ww, Ww, Ww, Ww, Ww, Ww, Ww, Ww, Ww, Ww, Ww, Ww, Ww, Ww, Ww, Ww
Wo, Wo, Wo, Wo, Wo, Wo, Wo, Wo, Wo, Wo, Wo, Wo, Wo, Wo, Wo, Wo, Wo, Wo, Wo, Wo, Wo, Wo, Wo, Wo, Wo, Wo, Wo, Wo, Wo, Rp, Wo, Wo, Wo, Wo, Wo, Wo, Wo, Wo, Wo, Wo, Wo, Wo, Wo, Wo, Wo, Wo, Wo, Wo, Wo, Wo, Wo, Ww, Ww, Ww, Ww, Ww, Ww, Ww, Ww, Ww
Wo, Wo, Wo, Wo, Wo, Wo, Wo, Wo, Wo, Wo, Wo, Wo, Wo, Wo, Wo, Wo, Wo, Wo, Wo, Wo, Wo, Wo, Wo, Wo, Wo, Wo, Wo, Wo, Wo, Rp, Wo, Wo, Wo, Wo, Wo, Wo, Wo, Wo, Wo, Wo, Wo, Wo, Wo, Wo, Wo, Wo, Wo, Wo, Wo, Wo, Wo, Ww, Ww, Ww, Ww, Ww, Ww, Ww, Ww, Ww
Wo, Wo, Wo, Wo, Wo, Wo, Wo, Wo, Wo, Wo, Wo, Wo, Wo, Wo, Wo, Wo, Wo, Wo, Wo, Wo, Wo, Wo, Wo, Wo, Wo, Wo, Wo, Wo, Wo, Rp, Wo, Wo, Wo, Wo, Wo, Wo, Wo, Wo, Wo, Wo, Wo, Wo, Wo, Wo, Wo, Wo, Wo, Wo, Wo, Wo, Wo, Ww, Ww, Ww, Ww, Ww, Ww, Ww, Ww, Ww
Mm, Mm, Mm, Mm, Mm, Mm, Mm, Mm, Mm, Mm, Mm, Mm, Mm, Mm, Wo, Wo, Wo, Wo, Wo, Wo, Wo, Wo, Wo, Wo, Wo, Wo, Wo, Wo, Wo, Rp, Wo, Wo, Wo, Wo, Wo, Wo, Wo, Wo, Wo, Wo, Wo, Wo, Wo, Wo, Wo, Wo, Wo, Wo, Wo, Wo, Wo, Ww, Ww, Ww, Ww, Ww, Ww, Ww, Ww, Ww
Mm, Uu, Hh, Uu, Hh, Mm, Hh, Uu, Hh, Uu, Mm, Uu, Hh, Uu, Wo, Wo, Wo, Wo, Wo, Wo, Wo, Wo, Wo, Wo, Wo, Wo, Wo, Wo, Wo, Rp, Wo, Wo, Wo, Wo, Wo, Wo, Wo, Wo, Wo, Wo, Wo, Wo, Wo, Wo, Wo, Wo, Wo, Wo, Wo, Wo, Wo, Ww, Ww, Ww, Ww, Ww, Ww, Ww, Ww, Ww
Mm, Hh, Uu, Hh, Uu, Hh^Vh, Uu, Hh, Uu, Hh, Mm, Hh, Uu, Hh, Wo, Wo, Wo, Wo, Wo, Wo, Wo, Wo, Wo, Wo, Wo, Wo, Wo, Wo, Wo, Rp, Wo, Wo, Wo, Wo, Wo, Wo, Wo, Wo, Wo, Wo, Wo, Wo, Wo, Wo, Wo, Wo, Wo, Wo, Wo, Wo, Wo, Ww, Ww, Ww, Ww, Ww, Ww, Ww, Ww, Ww
Mm, Uu, Hh, Uu, Hh, Mm, Hh, Uu, Hh, Uu, Mm, Uu, Hh, Uu, Wo, Wo, Wo, Wo, Wo, Wo, Wo, Wo, Wo, Wo, Wo, Wo, Wo, Wo, Wo, Rp, Wo, Wo, Wo, Wo, Wo, Wo, Wo, Wo, Wo, Wo, Wo, Wo, Wo, Wo, Wo, Wo, Wo, Wo, Wo, Wo, Wo, Ww, Ww, Ww, Ww, Ww, Ww, Ww, Ww, Ww
Mm, Hh, Uu, Hh, Uu, Mm, Uu, Hh, Uu, Hh, Mm, Hh, Uu, Hh, Wo, Wo, Wo, Wo, Wo, Wo, Wo, Wo, Wo, Wo, Gs, Gs, Hh, Gs, Gs, Hh, Gs, Gs^Ft, Hh, Gs, Gs, Hh, Gs^Ft, Gs, Wo, Wo, Wo, Wo, Wo, Wo, Wo, Wo, Wo, Wo, Wo, Wo, Wo, Ww, Ww, Ww, Ww, Ww, Ww, Ww, Ww, Ww
Mm, Mm, Mm, Mm, Mm, Mm, Mm, Mm, Mm, Mm, Mm, Mm, Mm, Mm, Wo, Wo, Wo, Wo, Wo, Wo, Wo, Wo, Wo, Wo, Gs, Hh, Mm^Vhh, Gs, Hh, Gs, Gs^Ft, Hh, Gs, Gs, Mm^Vhh, Gs^Ft, Gs, Hh, Wo, Wo, Wo, Wo, Wo, Wo, Wo, Wo, Wo, Wo, Wo, Wo, Wo, Ww, Ww, Ww, Ww, Ww, Ww, Ww, Ww, Ww
Mm, Hh, Uu, Hh, Uu, Mm, Uu, Hh, Uu, Hh^Vh, Mm, Hh, Uu, Hh, Wo, Wo, Wo, Wo, Wo, Wo, Wo, Wo, Wo, Wo, Hh, Gs, Gs, Hh, Gs, Gs^Ft, Hh, Gs, Gs, Hh, Gs^Ft, Gs, Hh, Gs, Wo, Wo, Wo, Wo, Wo, Wo, Wo, Wo, Wo, Wo, Wo, Wo, Wo, Ww, Ww, Ww, Ww, Ww, Ww, Ww, Ww, Ww
Mm, Uu, Hh, Uu, Hh, Mm, Hh, Uu, Hh, Uu, Mm, Uu, Hh, Uu, Wo, Wo, Wo, Wo, Wo, Wo, Wo, Wo, Wo, Wo, Gs, Gs, Hh, Gs, Gs^Ft, Hh, Ce, Gs, Hh, Gs^Ft, Gs, Hh, Gs, Gs, Wo, Wo, Wo, Wo, Wo, Wo, Wo, Wo, Wo, Wo, Wo, Wo, Wo, Ww, Ww, Ww, Ww, Ww, Ww, Ww, Ww, Ww
Mm, Hh, Uu, Hh, Uu, Mm, Uu, Hh, Uu, Hh, Mm, Hh, Uu, Hh, Wo, Wo, Wo, Wo, Wo, Wo, Wo, Wo, Wo, Wo, Gs, Hh, Gs, Gs^Ft, Hh, Ce, Ce, Ce, Gs^Ft, Gs, Hh, Gs, Gs, Hh, Wo, Wo, Wo, Wo, Wo, Wo, Wo, Wo, Wo, Wo, Wo, Wo, Wo, Ww, Ww, Ww, Ww, Ww, Ww, Ww, Ww, Ww
Mm, Uu, Hh, Uu, Hh, Mm, Hh, Uu, Hh, Uu, Mm, Uu, Hh, Uu, Wo, Wo, Wo, Wo, Wo, Wo, Wo, Wo, Wo, Wo, Hh, Gs, Gs^Ft, Hh, Gs, Gs, Ce, Gs^Ft, Gs, Hh, Gs, Gs, Hh, Gs, Wo, Wo, Wo, Wo, Wo, Wo, Wo, Wo, Wo, Wo, Wo, Wo, Wo, Ww, Ww, Ww, Ww, Ww, Ww, Ww, Ww, Ww
Mm, Mm, Mm, Mm, Hh^Vh, Mm, Mm, Mm, Mm, Mm, Mm, Mm, Mm, Mm, Wo, Wo, Wo, Wo, Wo, Wo, Wo, Wo, Wo, Wo, Gs, Gs^Ft, Hh, Gs, Gs, Hh, Gs^Ft, Gs, Hh, Gs, Gs, Hh, Gs, Gs, Wo, Wo, Wo, Wo, Wo, Wo, Wo, Wo, Wo, Wo, Wo, Wo, Wo, Ww, Ww, Ww, Ww, Ww, Ww, Ww, Ww, Ww
Mm, Uu, Hh, Uu, Hh, Mm, Hh, Uu, Hh, Uu, Mm, Uu, Hh, Uu, Wo, Wo, Wo, Wo, Wo, Wo, Wo, Wo, Wo, Wo, Gs^Ft, Hh, Mm^Vhh, Gs, Hh, Gs^Ft, Gs, Hh, Gs, Gs, Mm^Vhh, Gs, Gs, Hh, Wo, Wo, Wo, Wo, Wo, Wo, Wo, Wo, Wo, Wo, Wo, Wo, Wo, Ww, Ww, Ww, Ww, Ww, Ww, Ww, Ww, Ww
Mm, Hh, Uu, Hh, Uu, Mm, Uu, Hh, Uu, Hh, Mm, Hh, Uu, Hh, Wo, Wo, Wo, Wo, Wo, Wo, Wo, Wo, Wo, Wo, Hh, Gs, Gs, Hh, Gs^Ft, Gs, Hh, Gs, Gs, Hh, Gs, Gs, Hh, Gs, Wo, Wo, Wo, Wo, Wo, Wo, Wo, Wo, Wo, Wo, Wo, Wo, Wo, Ww, Ww, Ww, Ww, Ww, Ww, Ww, Ww, Ww
Mm, Uu, Hh, Uu, Hh, Mm, Hh, Uu, Hh, Uu, Hh^Vh, Uu, Hh, Uu, Wo, Wo, Wo, Wo, Wo, Wo, Wo, Wo, Wo, Wo, Gs, Gs, Hh, Gs^Ft, Gs, Hh, Gs, Gs, Hh, Gs, Gs, Hh, Gs, Gs^Ft, Wo, Wo, Wo, Wo, Wo, Wo, Wo, Wo, Wo, Wo, Wo, Wo, Wo, Ww, Ww, Ww, Ww, Ww, Ww, Ww, Ww, Ww
Mm, Hh, Uu, Hh, Uu, Mm, Uu, Hh, Uu, Hh, Mm, Hh, Uu, Hh, Wo, Wo, Wo, Wo, Wo, Wo, Wo, Wo, Wo, Wo, Wo, Wo, Wo, Wo, Wo, Wo, Rp, Wo, Wo, Wo, Wo, Wo, Wo, Wo, Wo, Wo, Wo, Wo, Wo, Wo, Wo, Wo, Wo, Wo, Wo, Wo, Wo, Ww, Ww, Ww, Ww, Ww, Ww, Ww, Ww, Ww
Mm, Mm, Mm, Mm, Mm, Mm, Mm, Mm, Mm, Mm, Mm, Mm, Mm, Mm, Wo, Wo, Wo, Wo, Wo, Wo, Wo, Wo, Wo, Wo, Wo, Wo, Wo, Wo, Wo, Wo, Rp, Wo, Wo, Wo, Wo, Wo, Wo, Wo, Wo, Wo, Wo, Wo, Wo, Wo, Wo, Wo, Wo, Wo, Wo, Wo, Wo, Ww, Ww, Ww, Ww, Ww, Ww, Ww, Ww, Ww
Mm, Hh, Uu, Hh, Uu, Hh^Vh, Uu, Hh, Uu, Hh, Mm, Hh, Uu, Hh, Wo, Wo, Wo, Wo, Wo, Wo, Wo, Wo, Wo, Wo, Wo, Wo, Wo, Wo, Wo, Wo, Rp, Wo, Wo, Wo, Wo, Wo, Wo, Wo, Wo, Wo, Wo, Wo, Wo, Wo, Wo, Wo, Wo, Wo, Wo, Wo, Wo, Ww, Ww, Ww, Ww, Ww, Ww, Ww, Ww, Ww
Mm, Uu, Hh, Uu, Hh, Mm, Hh, Uu, Hh, Uu, Mm, Uu, Hh, Uu, Wo, Wo, Wo, Wo, Wo, Wo, Wo, Wo, Wo, Wo, Wo, Wo, Wo, Wo, Wo, Wo, Rp, Wo, Wo, Wo, Wo, Wo, Wo, Wo, Wo, Wo, Wo, Wo, Wo, Wo, Wo, Wo, Wo, Wo, Wo, Wo, Wo, Ww, Ww, Ww, Ww, Ww, Ww, Ww, Ww, Ww
Wo, Wo, Wo, Wo, Wo, Wo, Wo, Wo, Wo, Wo, Wo, Wo, Wo, Wo, Wo, Wo, Wo, Wo, Wo, Wo, Wo, Wo, Wo, Wo, Wo, Wo, Wo, Wo, Wo, Wo, Rp, Ww, Wo, Wo, Wo, Wo, Wo, Wo, Wo, Wo, Wo, Wo, Wo, Wo, Wo, Wo, Wo, Wo, Wo, Wo, Wo, Ww, Ww, Ww, Ww, Ww, Ww, Ww, Ww, Ww
Wo, Wo, Wo, Wo, Wo, Wo, Wo, Wo, Wo, Wo, Wo, Wo, Wo, Wo, Wo, Wo, Ww, Ww, Ww, Ww, Ww, Ww, Ww, Ww, Ww, Ww, Ww, Ww, Ww, Ww, Rp, Wwf^Vht, Ww, Ww, Ww, Ww, Ww, Ww, Ww, Ww, Ww, Ww, Ww, Ww, Ww, Ww, Ww, Ww, Ww, Ww, Ww, Ww, Ww, Ww, Ww, Ww, Ww, Ww, Ww, Ww
Wo, Wo, Wo, Wo, Wo, Wo, Wo, Wo, Wo, Wo, Wo, Wo, Wo, Wo, Wo, Wo, Gs^Ft, Gs, Gs, Gs^Ft, Hh, Gs^Fp, Gs^Ft, Gs, Gs, Gs^Ft, Gs, Gs, Gs^Ft, Gs, Gs, Gs^Ft, Gs, Gs, Gs^Ft, Hh, Gs, Gs^Ft, Gs, Gs, Gs^Ft, Gs, Gs^Fp, Gs^Ft, Gs, Hh, Gs^Ft, Gs, Gs, Gs^Ft, Hh, Gs, Gs^Ft, Ww, Ww, Ww, Ww, Ww, Ww, Ww
Wo, Wo, Wo, Mv, Qxu, Mm, Mv, Mm, Mm, Mv, Mm, Mm, Mv, Mm, Qxu, Wo, Gs, Gs, Gs^Ft, Hh, Gs^Fp, Gs^Ft, Gs, Gs, Gs^Ft, Gs, Gs, Gs^Ft, Gs, Hh, Gs^Ft, Gs, Gs, Gs^Ft, Hh, Gs, Gs^Ft, Gs, Gs, Gs^Ft, Gs, Gs^Fp, Gs^Ft, Gs, Hh, Gs^Ft, Gs, Gs, Gs^Ft, Hh, Gs, Gs^Ft, Gs, Ww, Ww, Ww, Ww, Ww, Ww, Ww
Wo, Wo, Wo, Qxu, Mm, Mv, Mm, Mm, Mv, Mm, Mm, Mv, Mm, Qxu, Mv, Wo, Gs, Gs^Ft, Hh, Gs^Fp, Gs^Ft, Gs, Gs, Gs^Ft, Gs, Gs, Gs^Ft, Gs, Hh, Gs^Ft, Gs, Gs, Gs^Ft, Hh, Gs, Gs^Ft, Gs, Gs, Gs^Ft, Gs, Gs^Fp, Gs^Ft, Gs, Hh, Gs^Ft, Gs, Gs, Gs^Ft, Hh, Gs, Gs^Ft, Gs, Gs, Wo, Wo, Wo, Wo, Wo, Wo, Wo
Wo, Wo, Wo, Mm, Mv, Mm, Mm, Mv, Mm, Mm, Mv, Mm, Qxu, Mv, Mm, Wo, Gs^Ft, Hh, Gs^Fp, Gs^Ft, Gs, Gs, Gs^Ft, Gs, Gs, Gs^Vht, Gs, Hh, Gs^Ft, Gs, Gs, Gs^Ft, Hh, Gs, Gs^Ft, Gs^Vht, Gs, Gs^Ft, Gs, Gs^Fp, Gs^Ft, Gs, Hh, Gs^Ft, Gs, Gs, Gs^Ft, Hh, Gs, Gs^Ft, Gs, Gs, Gs^Ft, Wo, Wo, Wo, Wo, Wo, Wo, Wo
Wo, Wo, Wo, Mv, Mm, Mm, Mv, Mm, Mm, Mv, Mm, Qxu, Mv, Mm, Mm, Wo, Hh, Gs^Fp, Gs^Ft, Gs, Gs, Gs^Ft, Gs, Gs, Gs^Ft, Gs, Hh, Gs^Ft, Gs, Ce, Ce, Ce, Gs, Gs^Ft, Gs, Gs, Gs^Ft, Gs, Gs^Fp, Gs^Ft, Gs, Hh, Gs^Ft, Gs, Gs, Gs^Ft, Hh, Gs, Gs^Ft, Gs, Gs, Gs^Ft, Gs^Fp, Wo, Wo, Wo, Wo, Wo, Wo, Wo
Wo, Wo, Wo, Mm, Mm, Mv, Mm, Mm, Mv, Qxu, Qxu, Mv, Mm, Mm, Mv, Wo, Gs^Fp, Gs^Ft, Gs, Gs, Gs^Ft, Gs, Gs, Gs^Ft, Gs, Hh, Gs^Ft, Gs, Gs, Ce, 2 Ke, Ce, Gs^Ft, Gs, Gs, Gs^Ft, Gs, Gs^Fp, Gs^Ft, Gs, Hh, Gs^Ft, Gs, Gs, Gs^Ft, Hh, Gs, Gs^Ft, Gs, Gs, Gs^Ft, Gs^Fp, Gs, Wo, Wo, Wo, Wo, Wo, Wo, Wo
Wo, Wo, Wo, Mm, Mv, Mm, Mm, Mv, Mm^Vhh, Qxu, Mv, Mm, Mm, Mv, Qxu, Wo, Gs^Ft, Gs, Gs, Gs^Ft, Gs, Gs, Gs^Ft, Gs, Hh, Gs^Ft, Gs, Gs, Gs^Ft, Ce, Ce, Ce, Gs, Gs, Gs^Ft, Gs, Gs^Fp, Gs^Ft, Gs, Hh, Gs^Ft, Gs, Gs, Gs^Ft, Hh, Gs, Gs^Ft, Gs, Gs, Gs^Ft, Gs^Fp, Gs, Gs^Ft, Wo, Wo, Wo, Wo, Wo, Wo, Wo
Wo, Wo, Wo, Mv, Mm, Mm, Mv, Mm, Qxu, Mv, Mm, Mm, Mv, Qxu, Mm, Wo, Gs, Gs, Gs^Ft, Gs, Gs, Gs^Ft, Gs, Hh, Mm^Vhh, Gs, Gs, Gs^Ft, Hh, Gs, Gs^Ft, Gs, Gs, Gs^Ft, Gs, Gs^Fp, Mm^Vhh, Gs, Hh, Gs^Ft, Gs, Gs, Gs^Ft, Hh, Gs, Gs^Ft, Gs, Gs, Gs^Ft, Gs^Fp, Gs, Gs^Ft, Gs, Wo, Wo, Wo, Wo, Wo, Wo, Wo
Wo, Wo, Wo, Mm, Mm, Mv, Mm, Qxu, Mv, Mm, Mm, Mv, Qxu, Mm, Mv, Wo, Gs, Gs^Ft, Gs, Gs, Gs^Ft, Gs, Hh, Gs^Ft, Gs, Gs, Gs^Ft, Hh, Gs, Gs^Ft, Gs, Gs, Gs^Ft, Gs, Gs^Fp, Gs^Ft, Gs, Hh, Gs^Ft, Gs, Gs, Gs^Ft, Hh, Gs, Gs^Ft, Gs, Gs, Gs^Ft, Gs^Fp, Gs, Gs^Ft, Gs, Hh, Wo, Wo, Wo, Wo, Wo, Wo, Wo
Wo, Wo, Wo, Wo, Wo, Wo, Wo, Wo, Wo, Wo, Wo, Wo, Wo, Wo, Wo, Wo, Gs^Ft, Gs, Gs, Gs^Ft, Gs, Hh, Gs^Ft, Gs, Gs, Gs^Ft, Hh, Gs, Gs^Ft, Gs, Gs, Gs^Ft, Gs, Gs^Fp, Gs^Ft, Gs, Hh, Gs^Ft, Gs, Gs, Gs^Ft, Hh, Gs, Gs^Ft, Gs, Gs, Gs^Ft, Gs^Fp, Gs, Gs^Ft, Gs, Hh, Gs^Ft, Wo, Wo, Wo, Wo, Wo, Wo, Wo