_off^_usr, _off^_usr, _off^_usr, _off^_usr, _off^_usr, _off^_usr, _off^_usr, _off^_usr, _off^_usr, _off^_usr, Gs, Ce, Ce, Ce, Gs, _off^_usr, _off^_usr, _off^_usr, _off^_usr, _off^_usr, _off^_usr, _off^_usr, _off^_usr, _off^_usr, _off^_usr, _off^_usr, _off^_usr, _off^_usr, _off^_usr, _off^_usr
_off^_usr, _off^_usr, _off^_usr, _off^_usr, _off^_usr, _off^_usr, Gs, Gs^Ft, Hh, Mm, Ce, 1 Ke, Ce, Ce, Hh, Gs^Ft, Gs, _off^_usr, _off^_usr, _off^_usr, _off^_usr, _off^_usr, _off^_usr, _off^_usr, _off^_usr, _off^_usr, _off^_usr, _off^_usr, _off^_usr, _off^_usr
_off^_usr, _off^_usr, _off^_usr, _off^_usr, Gs, Gs^Vht, Gs, Gs, Hh, Mm, Mm^Vhh, Ce, Ce, Mm^Vhh, Mm, Hh, Gs, Gs, Gs^Vht, Gs, _off^_usr, _off^_usr, _off^_usr, _off^_usr, _off^_usr, _off^_usr, _off^_usr, _off^_usr, _off^_usr, _off^_usr
_off^_usr, _off^_usr, _off^_usr, Gs, Gs, Gs, Gs^Ft, Gs, Gs, Hh, Re, Re, Re, Re, Hh, Gs, Gs, Gs^Ft, Gs, Gs, Gs, _off^_usr, _off^_usr, _off^_usr, _off^_usr, _off^_usr, _off^_usr, _off^_usr, _off^_usr, _off^_usr
_off^_usr, _off^_usr, Gs, Gs^Vht, Gs, Gs, Gs, Gs, Gs, Re, Re, Gs^Vht, Gs^Vht, Re, Re, Gs, Gs, Gs, Gs, Gs, Gs^Vht, Gs, _off^_usr, _off^_usr, _off^_usr, _off^_usr, _off^_usr, _off^_usr, _off^_usr, _off^_usr
_off^_usr, Ww, Ww, Gs, Gs, Gs^Ft, Gs, Gs, Wwf, Rp, Rp, Rp, Rp, Rp, Rp, Wwf, Gs, Gs, Gs^Ft, Gs, Gs, Ww, Ww, _off^_usr, _off^_usr, _off^_usr, _off^_usr, _off^_usr, _off^_usr, _off^_usr
Wo, Wo, Ww, Ww, Gs, Gs, Gs, Wwf, Wwf, Ww, Ww, Ww, Ww, Ww, Ww, Wwf, Wwf, Gs, Gs, Gs, Ww, Ww, Wo, Wo, _off^_usr, _off^_usr, _off^_usr, _off^_usr, _off^_usr, _off^_usr
Wo, Wo, Wo, Ww, Ww, Ww, Ww, Ww, Wo, Wo, Wo, Wo, Wo, Wo, Wo, Wo, Ww, Ww, Ww, Ww, Ww, Wo, Wo, Wo, _off^_usr, _off^_usr, _off^_usr, _off^_usr, _off^_usr, _off^_usr
Wo, Wo, Wo, Wo, Ww, Ww, Wo, Wo, Wo, Wo, Wo, Wo, Wo, Wo, Wo, Wo, Wo, Wo, Ww, Ww, Wo, Wo, Wo, Wo, _off^_usr, _off^_usr, _off^_usr, _off^_usr, _off^_usr, _off^_usr
Wo, Wo, Wo, Wo, Ww, Ww, Wo, Wo, Ww, Ww, Ww, Ww, Ww, Ww, Ww, Ww, Wo, Wo, Ww, Ww, Wo, Wo, Wo, Wo, _off^_usr, _off^_usr, _off^_usr, _off^_usr, _off^_usr, _off^_usr
Wo, Wo, Wo, Ww, Ww, Wo, Wo, Ww, Ww, Gs, Gs^Ft, Hh, Hh, Gs^Ft, Gs, Ww, Ww, Wo, Wo, Ww, Ww, Wo, Wo, Wo, _off^_usr, _off^_usr, _off^_usr, _off^_usr, _off^_usr, _off^_usr
Wo, Wo, Ww, Ww, Wo, Wo, Ww, Ww, Gs, Mm^Vhh, Mm, Ce, Ce, Mm, Mm^Vhh, Gs, Ww, Ww, Wo, Wo, Ww, Ww, Wo, Wo, _off^_usr, _off^_usr, _off^_usr, _off^_usr, _off^_usr, _off^_usr
Wo, Ww, Ww, Wwf, Rp, Rp, Rp, Gs, Hh, Mm, Ce, Gs^Vht, Gs^Vht, Ce, Mm, Hh, Gs, Rp, Rp, Rp, Wwf, Ww, Ww, Wo, _off^_usr, _off^_usr, _off^_usr, _off^_usr, _off^_usr, _off^_usr
Wo, Ww, Ww, Wwf, Wwf, Wwf, Ww, Gs, Hh, Mm, Ce, Gs^Vht, Gs^Vht, Ce, Mm, Hh, Gs, Ww, Wwf, Wwf, Wwf, Ww, Ww, Wo, _off^_usr, _off^_usr, _off^_usr, _off^_usr, _off^_usr, _off^_usr
Wo, Ww, Ww, Wwf, Rp, Rp, Rp, Gs, Gs^Ft, Mm, Ce, Ce, Ce, Ce, Mm, Gs^Ft, Gs, Rp, Rp, Rp, Wwf, Ww, Ww, Wo, _off^_usr, _off^_usr, _off^_usr, _off^_usr, _off^_usr, _off^_usr
Wo, Wo, Ww, Ww, Wo, Wo, Ww, Ww, Gs, Mm^Vhh, Mm, Mm, Mm, Mm, Mm^Vhh, Gs, Ww, Ww, Wo, Wo, Ww, Ww, Wo, Wo, _off^_usr, _off^_usr, _off^_usr, _off^_usr, _off^_usr, _off^_usr
Wo, Wo, Wo, Ww, Ww, Wo, Wo, Ww, Ww, Gs, Gs^Ft, Hh, Hh, Gs^Ft, Gs, Ww, Ww, Wo, Wo, Ww, Ww, Wo, Wo, Wo, _off^_usr, _off^_usr, _off^_usr, _off^_usr, _off^_usr, _off^_usr
Wo, Wo, Wo, Wo, Ww, Ww, Wo, Wo, Ww, Ww, Ww, Ww, Ww, Ww, Ww, Ww, Wo, Wo, Ww, Ww, Wo, Wo, Wo, Wo, _off^_usr, _off^_usr, _off^_usr, _off^_usr, _off^_usr, _off^_usr
Wo, Wo, Wo, Wo, Ww, Ww, Wo, Wo, Wo, Wo, Wo, Wo, Wo, Wo, Wo, Wo, Wo, Wo, Ww, Ww, Wo, Wo, Wo, Wo, _off^_usr, _off^_usr, _off^_usr, _off^_usr, _off^_usr, _off^_usr
Wo, Wo, Wo, Ww, Ww, Ww, Ww, Ww, Wo, Wo, Wo, Wo, Wo, Wo, Wo, Wo, Ww, Ww, Ww, Ww, Ww, Wo, Wo, Wo, _off^_usr, _off^_usr, _off^_usr, _off^_usr, _off^_usr, _off^_usr
Wo, Wo, Ww, Ww, Gs, Gs^Ft, Gs, Wwf, Wwf, Ww, Ww, Ww, Ww, Ww, Ww, Wwf, Wwf, Gs, Gs^Ft, Gs, Ww, Ww, Wo, Wo, _off^_usr, _off^_usr, _off^_usr, _off^_usr, _off^_usr, _off^_usr
_off^_usr, Ww, Ww, Gs, Gs^Vht, Gs, Gs, Gs, Wwf, Rp, Rp, Rp, Rp, Rp, Rp, Wwf, Gs, Gs^Ft, Gs^Vht, Gs^Ft, Gs, Ww, Ww, _off^_usr, _off^_usr, _off^_usr, _off^_usr, _off^_usr, _off^_usr, _off^_usr
_off^_usr, _off^_usr, Gs, Gs^Ft, Gs, Gs, Hh, Mm, Re, Re, Re, Re, Re, Re, Re, Re, Hh, Mm, Gs^Ft, Gs^Ft, Gs^Ft, Gs, _off^_usr, _off^_usr, _off^_usr, _off^_usr, _off^_usr, _off^_usr, _off^_usr, _off^_usr
_off^_usr, _off^_usr, Gs, Gs^Vht, Gs, Hh, Mm, Mm^Vhh, Re, Ce, Ce, Re, Re, Ce, Ce, Re, Mm^Vhh, Mm, Hh, Gs^Ft, Gs^Vht, Gs^Ft, _off^_usr, _off^_usr, _off^_usr, _off^_usr, _off^_usr, _off^_usr, _off^_usr, _off^_usr
_off^_usr, _off^_usr, _off^_usr, Gs, Ce, Ce, Ce, Hh, Re, Ce, Ce, Ce, Ce, 2 Ke, Ce, Re, Hh, Ce, Ce, Ce, Gs^Ft, _off^_usr, _off^_usr, _off^_usr, _off^_usr, _off^_usr, _off^_usr, _off^_usr, _off^_usr, _off^_usr
_off^_usr, _off^_usr, _off^_usr, _off^_usr, Ce, Ce, Ce, Mm, Re, Ce, Ce, Ce, Ce, Ce, Ce, Re, Mm, Ce, Ce, Ce, _off^_usr, _off^_usr, _off^_usr, _off^_usr, _off^_usr, _off^_usr, _off^_usr, _off^_usr, _off^_usr, _off^_usr
_off^_usr, _off^_usr, _off^_usr, _off^_usr, Ce, Ce, Ce, Hh, Re, Re, Re, Re, Re, Re, Re, Re, Hh, Ce, Ce, Ce, _off^_usr, _off^_usr, _off^_usr, _off^_usr, _off^_usr, _off^_usr, _off^_usr, _off^_usr, _off^_usr, _off^_usr
_off^_usr, _off^_usr, _off^_usr, _off^_usr, _off^_usr, Gs, Gs^Vht, Mm, Mm, Mm, Mm, Mm, Mm, Mm, Mm, Mm, Mm, Gs^Ft, Gs^Vht, _off^_usr, _off^_usr, _off^_usr, _off^_usr, _off^_usr, _off^_usr, _off^_usr, _off^_usr, _off^_usr, _off^_usr, _off^_usr
_off^_usr, _off^_usr, _off^_usr, _off^_usr, _off^_usr, _off^_usr, Gs, Gs, Gs, Gs, Mm, Mm, Mm, Mm, Mm, Mm, Gs^Ft, Gs^Ft, _off^_usr, _off^_usr, _off^_usr, _off^_usr, _off^_usr, _off^_usr, _off^_usr, _off^_usr, _off^_usr, _off^_usr, _off^_usr, _off^_usr
_off^_usr, _off^_usr, _off^_usr, _off^_usr, _off^_usr, _off^_usr, _off^_usr, _off^_usr, _off^_usr, _off^_usr, _off^_usr, _off^_usr, _off^_usr, _off^_usr, _off^_usr, _off^_usr, _off^_usr, _off^_usr, _off^_usr, _off^_usr, _off^_usr, _off^_usr, _off^_usr, _off^_usr, _off^_usr, _off^_usr, _off^_usr, _off^_usr, _off^_usr, _off^_usr